// Jest Snapshot v1, https://goo.gl/fbAQLP

exports[`Referral should referral form 1`] = `
<div>
  <main
    class="MuiContainer-root MuiContainer-maxWidthLg"
  >
    <div
      class="makeStyles-paper-1"
    >
      <form>
        <div
          align="center"
          class="MuiGrid-root MuiGrid-container MuiGrid-spacing-xs-2 MuiGrid-justify-xs-center"
        >
          <div
            class="MuiGrid-root MuiGrid-item"
          >
            <div
              class="MuiCircularProgress-root MuiCircularProgress-colorPrimary MuiCircularProgress-indeterminate"
              role="progressbar"
              style="width: 40px; height: 40px;"
            >
              <svg
                class="MuiCircularProgress-svg"
                viewBox="22 22 44 44"
              >
                <circle
                  class="MuiCircularProgress-circle MuiCircularProgress-circleIndeterminate"
                  cx="44"
                  cy="44"
                  fill="none"
                  r="20.2"
                  stroke-width="3.6"
                />
              </svg>
            </div>
          </div>
          <div
            class="MuiGrid-root MuiGrid-item"
          >
            <div
              class="MuiCircularProgress-root MuiCircularProgress-colorPrimary MuiCircularProgress-indeterminate"
              role="progressbar"
              style="width: 40px; height: 40px;"
            >
              <svg
                class="MuiCircularProgress-svg"
                viewBox="22 22 44 44"
              >
                <circle
                  class="MuiCircularProgress-circle MuiCircularProgress-circleIndeterminate"
                  cx="44"
                  cy="44"
                  fill="none"
                  r="20.2"
                  stroke-width="3.6"
                />
              </svg>
            </div>
          </div>
        </div>
        <div
          class="MuiGrid-root MuiGrid-container MuiGrid-justify-xs-center"
        >
          <div
            class="MuiGrid-root MuiGrid-item"
          >
            <button
              class="MuiButtonBase-root MuiButton-root MuiButton-contained"
              data-cy="add-referral-submit"
              tabindex="0"
              type="button"
            >
              <span
                class="MuiButton-label"
              >
                Asign Referral
              </span>
              <span
                class="MuiTouchRipple-root"
              />
            </button>
          </div>
        </div>
      </form>
    </div>
  </main>
</div>
`;
